// Jest Snapshot v1, https://goo.gl/fbAQLP

exports[`MarksTable should render Loading 1`] = `
<div
  className="MarksTable d-flex justify-content-center"
>
  <div
    className="spinner-border"
    role="status"
  >
    <span
      className="visually-hidden"
    >
      Loading...
    </span>
  </div>
</div>
`;

exports[`MarksTable should render MarksTable with students inside 1`] = `
<div
  className="MarksTable d-flex justify-content-center"
>
  <div
    className="MarksTable__container"
  >
    <table
      className="table"
      id="MarksTable"
    >
      <thead>
        <tr>
          <th
            scope="col"
          >
            Name
          </th>
          <th
            colSpan={10}
            scope="col"
          >
            Marks
          </th>
        </tr>
      </thead>
      <tbody>
        <tr>
          <th
            scope="row"
          >
            Student 15
          </th>
          <td
            className="MarksTable__input"
          >
            <input
              className="form-control"
              max={6}
              min={0}
              onChange={[Function]}
              type="number"
              value={1}
            />
          </td>
          <td
            className="MarksTable__input"
          >
            <input
              className="form-control"
              max={6}
              min={0}
              onChange={[Function]}
              type="number"
              value={2}
            />
          </td>
          <td
            className="MarksTable__input"
          >
            <input
              className="form-control"
              max={6}
              min={0}
              onChange={[Function]}
              type="number"
              value={0}
            />
          </td>
          <td
            className="MarksTable__input"
          >
            <input
              className="form-control"
              max={6}
              min={0}
              onChange={[Function]}
              type="number"
              value={0}
            />
          </td>
          <td
            className="MarksTable__input"
          >
            <input
              className="form-control"
              max={6}
              min={0}
              onChange={[Function]}
              type="number"
              value={0}
            />
          </td>
          <td
            className="MarksTable__input"
          >
            <input
              className="form-control"
              max={6}
              min={0}
              onChange={[Function]}
              type="number"
              value={0}
            />
          </td>
          <td
            className="MarksTable__input"
          >
            <input
              className="form-control"
              max={6}
              min={0}
              onChange={[Function]}
              type="number"
              value={0}
            />
          </td>
          <td
            className="MarksTable__input"
          >
            <input
              className="form-control"
              max={6}
              min={0}
              onChange={[Function]}
              type="number"
              value={0}
            />
          </td>
          <td
            className="MarksTable__input"
          >
            <input
              className="form-control"
              max={6}
              min={0}
              onChange={[Function]}
              type="number"
              value={0}
            />
          </td>
          <td
            className="MarksTable__input"
          >
            <input
              className="form-control"
              max={6}
              min={0}
              onChange={[Function]}
              type="number"
              value={0}
            />
          </td>
        </tr>
        <tr>
          <th
            scope="row"
          >
            Student 20
          </th>
          <td
            className="MarksTable__input"
          >
            <input
              className="form-control"
              max={6}
              min={0}
              onChange={[Function]}
              type="number"
              value={3}
            />
          </td>
          <td
            className="MarksTable__input"
          >
            <input
              className="form-control"
              max={6}
              min={0}
              onChange={[Function]}
              type="number"
              value={4}
            />
          </td>
          <td
            className="MarksTable__input"
          >
            <input
              className="form-control"
              max={6}
              min={0}
              onChange={[Function]}
              type="number"
              value={0}
            />
          </td>
          <td
            className="MarksTable__input"
          >
            <input
              className="form-control"
              max={6}
              min={0}
              onChange={[Function]}
              type="number"
              value={0}
            />
          </td>
          <td
            className="MarksTable__input"
          >
            <input
              className="form-control"
              max={6}
              min={0}
              onChange={[Function]}
              type="number"
              value={0}
            />
          </td>
          <td
            className="MarksTable__input"
          >
            <input
              className="form-control"
              max={6}
              min={0}
              onChange={[Function]}
              type="number"
              value={0}
            />
          </td>
          <td
            className="MarksTable__input"
          >
            <input
              className="form-control"
              max={6}
              min={0}
              onChange={[Function]}
              type="number"
              value={0}
            />
          </td>
          <td
            className="MarksTable__input"
          >
            <input
              className="form-control"
              max={6}
              min={0}
              onChange={[Function]}
              type="number"
              value={0}
            />
          </td>
          <td
            className="MarksTable__input"
          >
            <input
              className="form-control"
              max={6}
              min={0}
              onChange={[Function]}
              type="number"
              value={0}
            />
          </td>
          <td
            className="MarksTable__input"
          >
            <input
              className="form-control"
              max={6}
              min={0}
              onChange={[Function]}
              type="number"
              value={0}
            />
          </td>
        </tr>
      </tbody>
    </table>
  </div>
</div>
`;
